// Jest Snapshot v1, https://goo.gl/fbAQLP

exports[`renders correctly 1`] = `
<Modal
  animationType="slide"
  hardwareAccelerated={false}
  onRequestClose={[Function]}
  statusBarTranslucent={true}
  transparent={true}
  visible={true}
>
  <View
    style={
      Object {
        "alignItems": "center",
        "flex": 1,
        "justifyContent": "center",
        "marginTop": 22,
      }
    }
  >
    <View
      style={
        Object {
          "alignItems": "center",
          "backgroundColor": "white",
          "borderRadius": 20,
          "elevation": 5,
          "margin": 20,
          "padding": 35,
          "shadowColor": "#000",
          "shadowOffset": Object {
            "height": 2,
            "width": 0,
          },
          "shadowOpacity": 0.25,
          "shadowRadius": 4,
        }
      }
    >
      <Text
        style={
          Object {
            "marginBottom": 15,
            "textAlign": "center",
          }
        }
      >
        Are you sure you want to delete this room?
      </Text>
      <View
        accessible={true}
        collapsable={false}
        focusable={true}
        onBlur={[Function]}
        onClick={[Function]}
        onFocus={[Function]}
        onResponderGrant={[Function]}
        onResponderMove={[Function]}
        onResponderRelease={[Function]}
        onResponderTerminate={[Function]}
        onResponderTerminationRequest={[Function]}
        onStartShouldSetResponder={[Function]}
        style={
          Array [
            Object {
              "backgroundColor": "#2196F3",
            },
            Object {
              "backgroundColor": "#2196F3",
            },
          ]
        }
      >
        <Text
          style={
            Object {
              "color": "white",
              "fontWeight": "bold",
              "textAlign": "center",
            }
          }
        >
          Yes, delete room
        </Text>
      </View>
      <View
        accessible={true}
        collapsable={false}
        focusable={true}
        onBlur={[Function]}
        onClick={[Function]}
        onFocus={[Function]}
        onResponderGrant={[Function]}
        onResponderMove={[Function]}
        onResponderRelease={[Function]}
        onResponderTerminate={[Function]}
        onResponderTerminationRequest={[Function]}
        onStartShouldSetResponder={[Function]}
        style={
          Array [
            Object {
              "backgroundColor": "#2196F3",
            },
            Object {
              "backgroundColor": "#2196F3",
            },
          ]
        }
      >
        <Text
          style={
            Object {
              "color": "white",
              "fontWeight": "bold",
              "textAlign": "center",
            }
          }
        >
          No, close modal
        </Text>
      </View>
    </View>
  </View>
</Modal>
`;
